cargo : warning: unused import: `uuid::Uuid`
所在位置 行:1 字符: 89
+ ... 6\backend ; cargo test --test feature_tests -- tower_acoustic_tests 2 ...
+                 ~~~~~~~~~~~~~~~~~~~~~~~~~~~~~~~~~~~~~~~~~~~~~~~~~~~~~~~~~
    + CategoryInfo          : NotSpecified: (warning: unused import: `uuid::Uu 
   id`:String) [], RemoteException
    + FullyQualifiedErrorId : NativeCommandError
 
 --> src\message_bus.rs:3:5
  |
3 | use uuid::Uuid;
  |     ^^^^^^^^^^
  |
  = note: `#[warn(unused_imports)]` (part of `#[warn(unused)]`) on by default

warning: unused import: `self`
 --> src\simulation\casting.rs:1:28
  |
1 | use crate::config_loader::{self, Material};
  |                            ^^^^

warning: unused import: `std::f64::consts::PI`
 --> src\simulation\casting.rs:5:5
  |
5 | use std::f64::consts::PI;
  |     ^^^^^^^^^^^^^^^^^^^^

warning: unused import: `self`
 --> src\simulation\acoustic.rs:1:28
  |
1 | use crate::config_loader::{self, ACOUSTIC_PARAMS, Material};
  |                            ^^^^

warning: unnecessary parentheses around assigned value
   --> src\simulation\alloy_comparison.rs:162:19
    |
162 |     let overall = (pitch_score * 0.25 + inharm_score * 0.3 + decay_score 
* 0.2 + power_score * 0.1 + ringing * 0.15);
    |                   ^                                                      
                                          ^
    |
    = note: `#[warn(unused_parens)]` (part of `#[warn(unused)]`) on by default
help: remove these parentheses
    |
162 -     let overall = (pitch_score * 0.25 + inharm_score * 0.3 + decay_score 
* 0.2 + power_score * 0.1 + ringing * 0.15);
162 +     let overall = pitch_score * 0.25 + inharm_score * 0.3 + decay_score *
 0.2 + power_score * 0.1 + ringing * 0.15 ;
    |

warning: unused variable: `frequencies`
   --> src\simulation\acoustic.rs:436:5
    |
436 |     frequencies: &[f64],
    |     ^^^^^^^^^^^ help: if this is intentional, prefix it with an underscor
e: `_frequencies`
    |
    = note: `#[warn(unused_variables)]` (part of `#[warn(unused)]`) on by defau
lt

warning: unused variable: `effective_diameter`
  --> src\simulation\alloy_comparison.rs:66:9
   |
66 |     let effective_diameter = (height_m + diameter_m) / 2.0;
   |         ^^^^^^^^^^^^^^^^^^ help: if this is intentional, prefix it with an
 underscore: `_effective_diameter`

warning: unused variable: `decay_score`
   --> src\simulation\alloy_comparison.rs:274:13
    |
274 |         let decay_score = (m.decay_time_s / 4.0 * 100.0).min(100.0).max(0
.0);
    |             ^^^^^^^^^^^ help: if this is intentional, prefix it with an u
nderscore: `_decay_score`

warning: variable does not need to be mutable
  --> src\simulation\tower_acoustic.rs:95:17
   |
95 |             let mut p_direct = if r_3d > 0.1 {
   |                 ----^^^^^^^^
   |                 |
   |                 help: remove this `mut`
   |
   = note: `#[warn(unused_mut)]` (part of `#[warn(unused)]`) on by default

warning: unused variable: `local_x`
  --> src\simulation\tower_acoustic.rs:85:17
   |
85 |             let local_x = world_x + bell_x;
   |                 ^^^^^^^ help: if this is intentional, prefix it with an un
derscore: `_local_x`

warning: unused variable: `local_z`
  --> src\simulation\tower_acoustic.rs:86:17
   |
86 |             let local_z = world_z + bell_z;
   |                 ^^^^^^^ help: if this is intentional, prefix it with an un
derscore: `_local_z`

warning: `bell-casting-backend` (lib) generated 11 warnings (run `cargo fix --l
ib -p bell-casting-backend` to apply 11 suggestions)
warning: unused import: `chrono::Utc`
 --> src\dtu_receiver.rs:6:5
  |
6 | use chrono::Utc;
  |     ^^^^^^^^^^^
  |
  = note: `#[warn(unused_imports)]` (part of `#[warn(unused)]`) on by default

warning: unused import: `uuid::Uuid`
 --> src\dtu_receiver.rs:8:5
  |
8 | use uuid::Uuid;
  |     ^^^^^^^^^^

warning: unused import: `uuid::Uuid`
 --> src\message_bus.rs:3:5
  |
3 | use uuid::Uuid;
  |     ^^^^^^^^^^

warning: unused import: `tokio::net::TcpListener`
 --> src\metrics_collector.rs:7:5
  |
7 | use tokio::net::TcpListener;
  |     ^^^^^^^^^^^^^^^^^^^^^^^

warning: unused import: `error`
 --> src\metrics_collector.rs:8:15
  |
8 | use tracing::{error, info};
  |               ^^^^^

warning: unused import: `casting::simulate_casting`
 --> src\simulation\mod.rs:8:9
  |
8 | pub use casting::simulate_casting;
  |         ^^^^^^^^^^^^^^^^^^^^^^^^^

warning: unused import: `acoustic::simulate_acoustic`
 --> src\simulation\mod.rs:9:9
  |
9 | pub use acoustic::simulate_acoustic;
  |         ^^^^^^^^^^^^^^^^^^^^^^^^^^^

warning: unused import: `Router`
  --> src\main.rs:20:5
   |
20 |     Router,
   |     ^^^^^^

warning: unused variable: `material`
  --> src\dtu_receiver.rs:59:9
   |
59 |         material: &Material,
   |         ^^^^^^^^ help: if this is intentional, prefix it with an underscor
e: `_material`
   |
   = note: `#[warn(unused_variables)]` (part of `#[warn(unused)]`) on by defaul
t

warning: unused variable: `builder`
  --> src\metrics_collector.rs:31:9
   |
31 |     let builder = PrometheusBuilder::new()
   |         ^^^^^^^ help: if this is intentional, prefix it with an underscore
: `_builder`

warning: unused variable: `frequencies`
   --> src\simulation\acoustic.rs:436:5
    |
436 |     frequencies: &[f64],
    |     ^^^^^^^^^^^ help: if this is intentional, prefix it with an underscor
e: `_frequencies`

warning: struct `AlertService` is never constructed
 --> src\alert_service.rs:9:12
  |
9 | pub struct AlertService {
  |            ^^^^^^^^^^^^
  |
  = note: `#[warn(dead_code)]` (part of `#[warn(unused)]`) on by default

warning: associated items `new`, `check_sensor_reading`, `check_casting_simulat
ion`, `check_acoustic_simulation`, and `create_alert` are never used
   --> src\alert_service.rs:15:12
    |
 14 | impl AlertService {
    | ----------------- associated items in this implementation
 15 |     pub fn new(db: Database, mqtt: Option<MqttNotifier>) -> Self {
    |            ^^^
...
 19 |     pub async fn check_sensor_reading(
    |                  ^^^^^^^^^^^^^^^^^^^^
...
 94 |     pub async fn check_casting_simulation(
    |                  ^^^^^^^^^^^^^^^^^^^^^^^^
...
139 |     pub async fn check_acoustic_simulation(
    |                  ^^^^^^^^^^^^^^^^^^^^^^^^^
...
168 |     async fn create_alert(
    |              ^^^^^^^^^^^^

warning: type alias `SensorToAlarmTx` is never used
  --> src\message_bus.rs:35:10
   |
35 | pub type SensorToAlarmTx = tokio::sync::mpsc::Sender<BusMessage>;
   |          ^^^^^^^^^^^^^^^

warning: type alias `SensorToAlarmRx` is never used
  --> src\message_bus.rs:36:10
   |
36 | pub type SensorToAlarmRx = tokio::sync::mpsc::Receiver<BusMessage>;
   |          ^^^^^^^^^^^^^^^

warning: function `increment_sensor_reading` is never used
  --> src\metrics_collector.rs:55:8
   |
55 | pub fn increment_sensor_reading(valid: bool) {
   |        ^^^^^^^^^^^^^^^^^^^^^^^^

warning: function `increment_casting_sim` is never used
  --> src\metrics_collector.rs:64:8
   |
64 | pub fn increment_casting_sim() {
   |        ^^^^^^^^^^^^^^^^^^^^^

warning: function `increment_acoustic_sim` is never used
  --> src\metrics_collector.rs:68:8
   |
68 | pub fn increment_acoustic_sim() {
   |        ^^^^^^^^^^^^^^^^^^^^^^

warning: function `increment_alert` is never used
  --> src\metrics_collector.rs:72:8
   |
72 | pub fn increment_alert(alert_type: &str, severity: &str) {
   |        ^^^^^^^^^^^^^^^

warning: function `increment_mqtt_published` is never used
  --> src\metrics_collector.rs:77:8
   |
77 | pub fn increment_mqtt_published(success: bool) {
   |        ^^^^^^^^^^^^^^^^^^^^^^^^

warning: function `set_active_bells` is never used
  --> src\metrics_collector.rs:85:8
   |
85 | pub fn set_active_bells(count: f64) {
   |        ^^^^^^^^^^^^^^^^

warning: function `set_active_alerts` is never used
  --> src\metrics_collector.rs:89:8
   |
89 | pub fn set_active_alerts(count: f64) {
   |        ^^^^^^^^^^^^^^^^^

warning: function `record_casting_sim_duration` is never used
  --> src\metrics_collector.rs:93:8
   |
93 | pub fn record_casting_sim_duration(secs: f64) {
   |        ^^^^^^^^^^^^^^^^^^^^^^^^^^^

warning: function `record_acoustic_sim_duration` is never used
  --> src\metrics_collector.rs:97:8
   |
97 | pub fn record_acoustic_sim_duration(secs: f64) {
   |        ^^^^^^^^^^^^^^^^^^^^^^^^^^^^

warning: function `record_request_duration` is never used
   --> src\metrics_collector.rs:101:8
    |
101 | pub fn record_request_duration(secs: f64, endpoint: &str, method: &str) {
    |        ^^^^^^^^^^^^^^^^^^^^^^^

warning: unused import: `bell_casting_backend::config_loader::*`
 --> tests\feature_tests.rs:1:5
  |
1 | use bell_casting_backend::config_loader::*;
  |     ^^^^^^^^^^^^^^^^^^^^^^^^^^^^^^^^^^^^^^
  |
  = note: `#[warn(unused_imports)]` (part of `#[warn(unused)]`) on by default

warning: function `approx_eq` is never used
  --> tests\feature_tests.rs:28:4
   |
28 | fn approx_eq(a: f64, b: f64, eps: f64) -> bool {
   |    ^^^^^^^^^
   |
   = note: `#[warn(dead_code)]` (part of `#[warn(unused)]`) on by default

warning: comparison is useless due to type limits
   --> tests\feature_tests.rs:983:21
    |
983 |             assert!(preset.window_count >= 0);
    |                     ^^^^^^^^^^^^^^^^^^^^^^^^
    |
    = note: `#[warn(unused_comparisons)]` on by default

warning: `bell-casting-backend` (bin "bell-casting-backend") generated 34 warni
ngs (9 duplicates) (run `cargo fix --bin "bell-casting-backend" -p bell-casting
-backend` to apply 11 suggestions)
warning: `bell-casting-backend` (test "feature_tests") generated 3 warnings (ru
n `cargo fix --test "feature_tests" -p bell-casting-backend` to apply 1 suggest
ion)
    Finished `test` profile [unoptimized + debuginfo] target(s) in 0.35s
     Running tests\feature_tests.rs (target\debug\deps\feature_tests-60abcded5c
552df3.exe)

running 11 tests
test tower_acoustic_tests::test_tower_preset_configs_valid ... ok
test tower_acoustic_tests::test_tower_zero_windows_boundary ... ok
test tower_acoustic_tests::test_tower_directivity_pattern_consistency ... ok
test tower_acoustic_tests::test_tower_invalid_wall_material ... ok
test tower_acoustic_tests::test_tower_sound_field_symmetry ... ok
test tower_acoustic_tests::test_tower_many_windows_boundary ... ok
test tower_acoustic_tests::test_tower_acoustic_normal_simulation ... ok
test tower_acoustic_tests::test_tower_optimization_tips_relevance ... ok
test tower_acoustic_tests::test_tower_vs_free_field_comparison ... ok
test tower_acoustic_tests::test_tower_extreme_dimensions ... ok
test tower_acoustic_tests::test_tower_extreme_frequencies ... ok

test result: ok. 11 passed; 0 failed; 0 ignored; 0 measured; 36 filtered out; finished in 0.02s

